<?xml version="1.0" encoding="UTF-8"?>
<testsuites name="jest tests" tests="41" failures="0" errors="0" time="0.25">
  <testsuite name="tests/calculator.test.js" errors="0" failures="0" skipped="0" timestamp="2025-09-01T06:59:25" time="0.179" tests="18">
    <testcase classname="Calculator › add" name="should add two positive numbers" time="0.002">
    </testcase>
    <testcase classname="Calculator › add" name="should add negative numbers" time="0">
    </testcase>
    <testcase classname="Calculator › add" name="should add decimal numbers" time="0">
    </testcase>
    <testcase classname="Calculator › subtract" name="should subtract two numbers" time="0.001">
    </testcase>
    <testcase classname="Calculator › subtract" name="should handle negative results" time="0">
    </testcase>
    <testcase classname="Calculator › multiply" name="should multiply two numbers" time="0">
    </testcase>
    <testcase classname="Calculator › multiply" name="should handle multiplication by zero" time="0">
    </testcase>
    <testcase classname="Calculator › multiply" name="should handle negative numbers" time="0">
    </testcase>
    <testcase classname="Calculator › divide" name="should divide two numbers" time="0">
    </testcase>
    <testcase classname="Calculator › divide" name="should handle decimal results" time="0.001">
    </testcase>
    <testcase classname="Calculator › divide" name="should throw error when dividing by zero" time="0.002">
    </testcase>
    <testcase classname="Calculator › power" name="should calculate power of a number" time="0">
    </testcase>
    <testcase classname="Calculator › power" name="should handle power of zero" time="0">
    </testcase>
    <testcase classname="Calculator › power" name="should handle negative exponents" time="0">
    </testcase>
    <testcase classname="Calculator › sqrt" name="should calculate square root" time="0">
    </testcase>
    <testcase classname="Calculator › sqrt" name="should handle perfect squares" time="0">
    </testcase>
    <testcase classname="Calculator › sqrt" name="should handle decimal results" time="0">
    </testcase>
    <testcase classname="Calculator › sqrt" name="should throw error for negative numbers" time="0">
    </testcase>
  </testsuite>
  <testsuite name="tests/stringUtils.test.js" errors="0" failures="0" skipped="0" timestamp="2025-09-01T06:59:25" time="0.18" tests="23">
    <testcase classname="StringUtils › capitalize" name="should capitalize first letter" time="0.002">
    </testcase>
    <testcase classname="StringUtils › capitalize" name="should handle empty string" time="0">
    </testcase>
    <testcase classname="StringUtils › capitalize" name="should handle null/undefined" time="0">
    </testcase>
    <testcase classname="StringUtils › capitalize" name="should handle already capitalized string" time="0">
    </testcase>
    <testcase classname="StringUtils › reverse" name="should reverse a string" time="0">
    </testcase>
    <testcase classname="StringUtils › reverse" name="should handle empty string" time="0">
    </testcase>
    <testcase classname="StringUtils › reverse" name="should handle palindromes" time="0">
    </testcase>
    <testcase classname="StringUtils › isPalindrome" name="should identify palindromes" time="0">
    </testcase>
    <testcase classname="StringUtils › isPalindrome" name="should identify non-palindromes" time="0.001">
    </testcase>
    <testcase classname="StringUtils › isPalindrome" name="should handle empty string" time="0">
    </testcase>
    <testcase classname="StringUtils › isPalindrome" name="should ignore case and special characters" time="0">
    </testcase>
    <testcase classname="StringUtils › countVowels" name="should count vowels correctly" time="0">
    </testcase>
    <testcase classname="StringUtils › countVowels" name="should handle uppercase vowels" time="0">
    </testcase>
    <testcase classname="StringUtils › countVowels" name="should handle no vowels" time="0">
    </testcase>
    <testcase classname="StringUtils › countVowels" name="should handle empty string" time="0">
    </testcase>
    <testcase classname="StringUtils › truncate" name="should truncate long strings" time="0">
    </testcase>
    <testcase classname="StringUtils › truncate" name="should not truncate short strings" time="0">
    </testcase>
    <testcase classname="StringUtils › truncate" name="should use custom suffix" time="0">
    </testcase>
    <testcase classname="StringUtils › truncate" name="should handle edge cases" time="0">
    </testcase>
    <testcase classname="StringUtils › camelCase" name="should convert to camelCase" time="0">
    </testcase>
    <testcase classname="StringUtils › camelCase" name="should handle single word" time="0">
    </testcase>
    <testcase classname="StringUtils › camelCase" name="should handle multiple spaces" time="0">
    </testcase>
    <testcase classname="StringUtils › camelCase" name="should handle mixed case" time="0">
    </testcase>
  </testsuite>
</testsuites>