<?xml version="1.0" encoding="UTF-8"?>
<testsuites name="jest tests" tests="41" failures="0" errors="0" time="0.124">
  <testsuite name="StringUtils" errors="0" failures="0" skipped="0" timestamp="2025-09-01T11:35:03" time="0.066" tests="23">
    <testcase classname="StringUtils capitalize should capitalize first letter" name="StringUtils capitalize should capitalize first letter" time="0.001">
    </testcase>
    <testcase classname="StringUtils capitalize should handle empty string" name="StringUtils capitalize should handle empty string" time="0.001">
    </testcase>
    <testcase classname="StringUtils capitalize should handle null/undefined" name="StringUtils capitalize should handle null/undefined" time="0">
    </testcase>
    <testcase classname="StringUtils capitalize should handle already capitalized string" name="StringUtils capitalize should handle already capitalized string" time="0">
    </testcase>
    <testcase classname="StringUtils reverse should reverse a string" name="StringUtils reverse should reverse a string" time="0">
    </testcase>
    <testcase classname="StringUtils reverse should handle empty string" name="StringUtils reverse should handle empty string" time="0">
    </testcase>
    <testcase classname="StringUtils reverse should handle palindromes" name="StringUtils reverse should handle palindromes" time="0">
    </testcase>
    <testcase classname="StringUtils isPalindrome should identify palindromes" name="StringUtils isPalindrome should identify palindromes" time="0">
    </testcase>
    <testcase classname="StringUtils isPalindrome should identify non-palindromes" name="StringUtils isPalindrome should identify non-palindromes" time="0">
    </testcase>
    <testcase classname="StringUtils isPalindrome should handle empty string" name="StringUtils isPalindrome should handle empty string" time="0">
    </testcase>
    <testcase classname="StringUtils isPalindrome should ignore case and special characters" name="StringUtils isPalindrome should ignore case and special characters" time="0">
    </testcase>
    <testcase classname="StringUtils countVowels should count vowels correctly" name="StringUtils countVowels should count vowels correctly" time="0">
    </testcase>
    <testcase classname="StringUtils countVowels should handle uppercase vowels" name="StringUtils countVowels should handle uppercase vowels" time="0">
    </testcase>
    <testcase classname="StringUtils countVowels should handle no vowels" name="StringUtils countVowels should handle no vowels" time="0">
    </testcase>
    <testcase classname="StringUtils countVowels should handle empty string" name="StringUtils countVowels should handle empty string" time="0">
    </testcase>
    <testcase classname="StringUtils truncate should truncate long strings" name="StringUtils truncate should truncate long strings" time="0">
    </testcase>
    <testcase classname="StringUtils truncate should not truncate short strings" name="StringUtils truncate should not truncate short strings" time="0">
    </testcase>
    <testcase classname="StringUtils truncate should use custom suffix" name="StringUtils truncate should use custom suffix" time="0.001">
    </testcase>
    <testcase classname="StringUtils truncate should handle edge cases" name="StringUtils truncate should handle edge cases" time="0">
    </testcase>
    <testcase classname="StringUtils camelCase should convert to camelCase" name="StringUtils camelCase should convert to camelCase" time="0">
    </testcase>
    <testcase classname="StringUtils camelCase should handle single word" name="StringUtils camelCase should handle single word" time="0">
    </testcase>
    <testcase classname="StringUtils camelCase should handle multiple spaces" name="StringUtils camelCase should handle multiple spaces" time="0">
    </testcase>
    <testcase classname="StringUtils camelCase should handle mixed case" name="StringUtils camelCase should handle mixed case" time="0">
    </testcase>
  </testsuite>
  <testsuite name="Calculator" errors="0" failures="0" skipped="0" timestamp="2025-09-01T11:35:03" time="0.036" tests="18">
    <testcase classname="Calculator add should add two positive numbers" name="Calculator add should add two positive numbers" time="0.001">
    </testcase>
    <testcase classname="Calculator add should add negative numbers" name="Calculator add should add negative numbers" time="0">
    </testcase>
    <testcase classname="Calculator add should add decimal numbers" name="Calculator add should add decimal numbers" time="0">
    </testcase>
    <testcase classname="Calculator subtract should subtract two numbers" name="Calculator subtract should subtract two numbers" time="0.001">
    </testcase>
    <testcase classname="Calculator subtract should handle negative results" name="Calculator subtract should handle negative results" time="0">
    </testcase>
    <testcase classname="Calculator multiply should multiply two numbers" name="Calculator multiply should multiply two numbers" time="0">
    </testcase>
    <testcase classname="Calculator multiply should handle multiplication by zero" name="Calculator multiply should handle multiplication by zero" time="0">
    </testcase>
    <testcase classname="Calculator multiply should handle negative numbers" name="Calculator multiply should handle negative numbers" time="0">
    </testcase>
    <testcase classname="Calculator divide should divide two numbers" name="Calculator divide should divide two numbers" time="0">
    </testcase>
    <testcase classname="Calculator divide should handle decimal results" name="Calculator divide should handle decimal results" time="0.001">
    </testcase>
    <testcase classname="Calculator divide should throw error when dividing by zero" name="Calculator divide should throw error when dividing by zero" time="0.002">
    </testcase>
    <testcase classname="Calculator power should calculate power of a number" name="Calculator power should calculate power of a number" time="0">
    </testcase>
    <testcase classname="Calculator power should handle power of zero" name="Calculator power should handle power of zero" time="0">
    </testcase>
    <testcase classname="Calculator power should handle negative exponents" name="Calculator power should handle negative exponents" time="0">
    </testcase>
    <testcase classname="Calculator sqrt should calculate square root" name="Calculator sqrt should calculate square root" time="0">
    </testcase>
    <testcase classname="Calculator sqrt should handle perfect squares" name="Calculator sqrt should handle perfect squares" time="0">
    </testcase>
    <testcase classname="Calculator sqrt should handle decimal results" name="Calculator sqrt should handle decimal results" time="0">
    </testcase>
    <testcase classname="Calculator sqrt should throw error for negative numbers" name="Calculator sqrt should throw error for negative numbers" time="0.001">
    </testcase>
  </testsuite>
</testsuites>